risky_function error: ZeroDivisionError('division by zero'). Inputs: (1, 0)
